// Jest Snapshot v1, https://goo.gl/fbAQLP

exports[`BiologicalInformation should match a snapshot 1`] = `
<View
  style={
    Object {
      "flex": 1,
    }
  }
>
  <ViewManagerAdapter_ExpoLinearGradient
    proxiedProperties={
      Object {
        "colors": Array [
          4278210303,
          4287155441,
        ],
        "endPoint": undefined,
        "locations": undefined,
        "startPoint": undefined,
      }
    }
    style={
      Object {
        "flex": 1,
      }
    }
  >
    <View
      style={
        Object {
          "alignItems": "center",
          "flex": 1,
          "justifyContent": "space-between",
          "marginBottom": 80.03999999999999,
          "marginTop": 80.03999999999999,
        }
      }
    >
      <Text />
      <View
        style={
          Object {
            "alignItems": "center",
            "justifyContent": "space-between",
          }
        }
      >
        <Text
          style={
            Array [
              Object {
                "color": "#000",
                "fontFamily": "System",
                "fontSize": 16,
              },
              Object {
                "color": "#FFFFFF",
                "fontSize": 67.5,
                "fontWeight": "bold",
                "marginBottom": 93.38000000000001,
                "textAlign": "center",
                "width": 675,
              },
            ]
          }
          uppercase={false}
        >
          What is your biological sex?
        </Text>
        <View
          accessible={true}
          focusable={true}
          isTVSelectable={true}
          onClick={[Function]}
          onResponderGrant={[Function]}
          onResponderMove={[Function]}
          onResponderRelease={[Function]}
          onResponderTerminate={[Function]}
          onResponderTerminationRequest={[Function]}
          onStartShouldSetResponder={[Function]}
          style={
            Object {
              "alignItems": "center",
              "backgroundColor": "rgba(255, 255, 255, 0.1)",
              "borderBottomWidth": null,
              "borderColor": "#007aff",
              "borderLeftWidth": null,
              "borderRadius": 57,
              "borderRightWidth": null,
              "borderTopWidth": null,
              "borderWidth": undefined,
              "elevation": 2,
              "flexDirection": "row",
              "height": 100,
              "justifyContent": "space-between",
              "margin": 25,
              "opacity": 1,
              "padding": 20,
              "paddingBottom": 6,
              "paddingTop": 6,
              "shadowColor": undefined,
              "shadowOffset": undefined,
              "shadowOpacity": undefined,
              "shadowRadius": undefined,
              "width": 562.5,
            }
          }
        >
          <Text />
          <Text
            style={
              Array [
                Object {
                  "backgroundColor": "transparent",
                  "color": "#fff",
                  "fontFamily": "System",
                  "fontSize": 16.5,
                  "marginLeft": 0,
                  "marginRight": 0,
                  "paddingLeft": 16,
                  "paddingRight": 16,
                },
                Object {
                  "color": "#FFFFFF",
                  "fontSize": 60,
                  "width": 300,
                },
              ]
            }
            uppercase={false}
          >
            Female
          </Text>
        </View>
        <View
          accessible={true}
          focusable={true}
          isTVSelectable={true}
          onClick={[Function]}
          onResponderGrant={[Function]}
          onResponderMove={[Function]}
          onResponderRelease={[Function]}
          onResponderTerminate={[Function]}
          onResponderTerminationRequest={[Function]}
          onStartShouldSetResponder={[Function]}
          style={
            Object {
              "alignItems": "center",
              "backgroundColor": "rgba(255, 255, 255, 0.1)",
              "borderBottomWidth": null,
              "borderColor": "#007aff",
              "borderLeftWidth": null,
              "borderRadius": 57,
              "borderRightWidth": null,
              "borderTopWidth": null,
              "borderWidth": undefined,
              "elevation": 2,
              "flexDirection": "row",
              "height": 100,
              "justifyContent": "space-between",
              "margin": 25,
              "opacity": 1,
              "padding": 20,
              "paddingBottom": 6,
              "paddingTop": 6,
              "shadowColor": undefined,
              "shadowOffset": undefined,
              "shadowOpacity": undefined,
              "shadowRadius": undefined,
              "width": 562.5,
            }
          }
        >
          <Text />
          <Text
            style={
              Array [
                Object {
                  "backgroundColor": "transparent",
                  "color": "#fff",
                  "fontFamily": "System",
                  "fontSize": 16.5,
                  "marginLeft": 0,
                  "marginRight": 0,
                  "paddingLeft": 16,
                  "paddingRight": 16,
                },
                Object {
                  "color": "#FFFFFF",
                  "fontSize": 60,
                  "width": 300,
                },
              ]
            }
            uppercase={false}
          >
            Male
          </Text>
        </View>
      </View>
      <Text />
    </View>
  </ViewManagerAdapter_ExpoLinearGradient>
</View>
`;
