// Jest Snapshot v1, https://goo.gl/fbAQLP

exports[`SelectAge should match a snapshot 1`] = `
<View
  style={
    Object {
      "flex": 1,
    }
  }
>
  <ViewManagerAdapter_ExpoLinearGradient
    proxiedProperties={
      Object {
        "colors": Array [
          4278210303,
          4287155441,
        ],
        "endPoint": undefined,
        "locations": undefined,
        "startPoint": undefined,
      }
    }
    style={
      Object {
        "alignItems": "center",
        "flex": 1,
      }
    }
  >
    <View
      style={
        Object {
          "alignItems": "center",
          "flex": 1,
          "justifyContent": "space-between",
          "marginBottom": 80.03999999999999,
          "marginTop": 80.03999999999999,
        }
      }
    >
      <Text />
      <View
        style={
          Object {
            "alignItems": "center",
            "flex": 1,
            "justifyContent": "space-evenly",
            "marginBottom": 400.2,
          }
        }
      >
        <Text
          style={
            Object {
              "color": "#fff",
              "fontSize": 48,
              "fontWeight": "bold",
            }
          }
        >
          Age
        </Text>
        <Text />
        <View
          style={
            Array [
              Object {
                "alignItems": "center",
                "borderWidth": 1,
                "flexDirection": "row",
                "justifyContent": "center",
              },
              Object {
                "borderColor": "#d4d4d4",
                "height": 133.4,
                "width": 562.5,
              },
              Object {},
              Object {},
            ]
          }
        >
          <View
            accessible={true}
            focusable={true}
            isTVSelectable={true}
            onClick={[Function]}
            onResponderGrant={[Function]}
            onResponderMove={[Function]}
            onResponderRelease={[Function]}
            onResponderTerminate={[Function]}
            onResponderTerminationRequest={[Function]}
            onStartShouldSetResponder={[Function]}
            style={
              Object {
                "alignItems": "center",
                "backgroundColor": "white",
                "borderWidth": 0,
                "height": 131.4,
                "justifyContent": "center",
                "left": 0,
                "opacity": 1,
                "position": "absolute",
                "width": 168.75,
                "zIndex": -1,
              }
            }
          >
            <Text
              allowFontScaling={false}
              style={
                Array [
                  Object {
                    "color": undefined,
                    "fontSize": 50.692,
                  },
                  Array [
                    Object {
                      "backgroundColor": "rgba(0,0,0,0)",
                      "fontWeight": "900",
                    },
                    Object {},
                    Object {},
                    Object {},
                  ],
                  Object {
                    "fontFamily": "Ionicons",
                    "fontStyle": "normal",
                    "fontWeight": "normal",
                  },
                  Object {},
                ]
              }
            >
              
            </Text>
          </View>
          <View
            style={
              Array [
                Object {
                  "alignSelf": "center",
                  "borderLeftColor": "#d4d4d4",
                  "borderLeftWidth": 1,
                  "borderRightColor": "#d4d4d4",
                  "borderRightWidth": 1,
                },
              ]
            }
          >
            <TextInput
              allowFontScaling={true}
              editable={true}
              keyboardType="numeric"
              onBlur={[Function]}
              onChangeText={[Function]}
              onFocus={[Function]}
              rejectResponderTermination={true}
              returnKeyType="done"
              style={
                Array [
                  Object {
                    "padding": 0,
                    "textAlign": "center",
                  },
                  Object {
                    "borderLeftColor": "#d4d4d4",
                    "borderLeftWidth": 1,
                    "borderRightColor": "#d4d4d4",
                    "borderRightWidth": 1,
                    "color": "white",
                    "fontSize": 50.692,
                    "height": 133.4,
                    "width": 225,
                  },
                  Object {},
                ]
              }
              underlineColorAndroid="rgba(0,0,0,0)"
              value="0"
            />
          </View>
          <View
            accessible={true}
            focusable={true}
            isTVSelectable={true}
            onClick={[Function]}
            onResponderGrant={[Function]}
            onResponderMove={[Function]}
            onResponderRelease={[Function]}
            onResponderTerminate={[Function]}
            onResponderTerminationRequest={[Function]}
            onStartShouldSetResponder={[Function]}
            style={
              Object {
                "alignItems": "center",
                "backgroundColor": "white",
                "borderWidth": 0,
                "height": 131.4,
                "justifyContent": "center",
                "opacity": 1,
                "position": "absolute",
                "right": 0,
                "width": 168.75,
                "zIndex": -1,
              }
            }
          >
            <Text
              allowFontScaling={false}
              style={
                Array [
                  Object {
                    "color": undefined,
                    "fontSize": 50.692,
                  },
                  Array [
                    Object {
                      "backgroundColor": "rgba(0,0,0,0)",
                      "fontWeight": "900",
                    },
                    Object {},
                    Object {},
                    Object {},
                  ],
                  Object {
                    "fontFamily": "Ionicons",
                    "fontStyle": "normal",
                    "fontWeight": "normal",
                  },
                  Object {},
                ]
              }
            >
              
            </Text>
          </View>
        </View>
      </View>
      <Text />
    </View>
  </ViewManagerAdapter_ExpoLinearGradient>
</View>
`;
