// Jest Snapshot v1, https://goo.gl/fbAQLP

exports[`App renders the loading screen 1`] = `
<AppLoading
  onError={[Function]}
  onFinish={[Function]}
  startAsync={[Function]}
/>
`;

exports[`App renders the root without loading screen 1`] = `
<View
  style={
    Object {
      "backgroundColor": "#fff",
      "flex": 1,
    }
  }
>
  <View
    style={
      Object {
        "backgroundColor": "#FFFFFF",
        "flex": 1,
      }
    }
  >
    <ViewManagerAdapter_ExpoLinearGradient
      proxiedProperties={
        Object {
          "colors": Array [
            4278210303,
            4287155441,
          ],
          "endPoint": undefined,
          "locations": undefined,
          "startPoint": undefined,
        }
      }
      style={
        Object {
          "flex": 0.2,
        }
      }
    />
    <Image
      source={1}
      style={
        Object {
          "alignSelf": "center",
          "borderRadius": 50,
          "borderWidth": 0,
          "height": 200,
          "marginTop": 35,
          "width": 200,
        }
      }
    />
    <View
      style={
        Object {
          "flex": 0.5,
        }
      }
    >
      <Text
        style={
          Object {
            "fontSize": 40,
            "fontWeight": "bold",
            "margin": 25,
          }
        }
      >
        HELLO!
      </Text>
      <Text
        style={
          Object {
            "fontSize": 27,
            "margin": 25,
          }
        }
      >
        Welcome to MeMD, an online platform designed to help diagnose symptoms and locate potential doctors. Please click BEGIN to start your health checkup.
      </Text>
      <View
        accessible={true}
        focusable={true}
        isTVSelectable={true}
        onClick={[Function]}
        onResponderGrant={[Function]}
        onResponderMove={[Function]}
        onResponderRelease={[Function]}
        onResponderTerminate={[Function]}
        onResponderTerminationRequest={[Function]}
        onStartShouldSetResponder={[Function]}
        style={
          Object {
            "alignItems": "center",
            "backgroundColor": "#007aff",
            "borderBottomWidth": null,
            "borderColor": "#007aff",
            "borderLeftWidth": null,
            "borderRadius": 5,
            "borderRightWidth": null,
            "borderTopWidth": null,
            "borderWidth": undefined,
            "color": "#FFF",
            "elevation": 2,
            "flexDirection": "row",
            "height": 100,
            "justifyContent": "space-between",
            "margin": 10,
            "opacity": 1,
            "paddingBottom": 6,
            "paddingTop": 6,
            "shadowColor": undefined,
            "shadowOffset": undefined,
            "shadowOpacity": undefined,
            "shadowRadius": undefined,
            "width": "75%",
          }
        }
      />
      <View
        style={
          Object {
            "flex": 0.5,
          }
        }
      >
        <Text
          style={
            Object {
              "fontSize": 40,
              "fontWeight": "bold",
              "margin": 25,
            }
          }
        >
          HELLO!
        </Text>
        <Text
          style={
            Object {
              "fontSize": 27,
              "margin": 25,
            }
          }
        >
          Welcome to MeMD, an online platform designed to help diagnose symptoms and locate potential doctors. Please click BEGIN to start your health checkup.
        </Text>
        <View
          accessible={true}
          focusable={true}
          isTVSelectable={true}
          onClick={[Function]}
          onResponderGrant={[Function]}
          onResponderMove={[Function]}
          onResponderRelease={[Function]}
          onResponderTerminate={[Function]}
          onResponderTerminationRequest={[Function]}
          onStartShouldSetResponder={[Function]}
          style={
            Object {
              "alignItems": "center",
              "backgroundColor": "#007aff",
              "borderBottomWidth": null,
              "borderColor": "#007aff",
              "borderLeftWidth": null,
              "borderRadius": 5,
              "borderRightWidth": null,
              "borderTopWidth": null,
              "borderWidth": undefined,
              "elevation": 2,
              "flexDirection": "row",
              "height": 45,
              "justifyContent": "space-between",
              "opacity": 1,
              "paddingBottom": 6,
              "paddingTop": 6,
              "shadowColor": undefined,
              "shadowOffset": undefined,
              "shadowOpacity": undefined,
              "shadowRadius": undefined,
            }
          }
        />
      </View>
    </View>
  </View>
</View>
`;
