// Jest Snapshot v1, https://goo.gl/fbAQLP

exports[`App renders the loading screen 1`] = `
<AppLoading
  onError={[Function]}
  onFinish={[Function]}
  startAsync={[Function]}
/>
`;

exports[`App renders the root without loading screen 1`] = `
<View
  style={
    Object {
      "backgroundColor": "#fff",
      "flex": 1,
    }
  }
>
  <View
    style={
      Object {
        "flex": 1,
      }
    }
  >
    <ViewManagerAdapter_ExpoLinearGradient
      proxiedProperties={
        Object {
          "colors": Array [
            4278210303,
            4287155441,
          ],
          "endPoint": undefined,
          "locations": undefined,
          "startPoint": undefined,
        }
      }
      style={
        Object {
          "alignItems": "center",
          "flex": 1,
        }
      }
    >
      <View
        style={
          Object {
            "alignItems": "center",
            "flex": 1,
            "justifyContent": "space-evenly",
          }
        }
      >
        <Text />
        <View
          style={
            Object {
              "flex": 0.75,
            }
          }
        >
          <Text
            style={
              Object {
                "color": "#fff",
                "fontSize": 48,
                "fontWeight": "bold",
              }
            }
          >
            Age
          </Text>
          <View
            accessible={true}
            focusable={false}
            isTVSelectable={true}
            onClick={[Function]}
            onResponderGrant={[Function]}
            onResponderMove={[Function]}
            onResponderRelease={[Function]}
            onResponderTerminate={[Function]}
            onResponderTerminationRequest={[Function]}
            onStartShouldSetResponder={[Function]}
            style={
              Object {
                "alignItems": "center",
                "backgroundColor": "transparent",
                "borderBottomWidth": 1,
                "borderColor": "#D9D5DC",
                "borderLeftWidth": 0,
                "borderRadius": undefined,
                "borderRightWidth": 0,
                "borderTopWidth": 0,
                "borderWidth": undefined,
                "color": "#FFF",
                "flexDirection": "row",
                "marginLeft": 2,
                "opacity": 1,
              }
            }
          >
            <TextInput
              allowFontScaling={true}
              editable={true}
              placeholder="Enter your age"
              placeholderTextColor="#575757"
              rejectResponderTermination={true}
              style={
                Object {
                  "color": "#000",
                  "flex": 1,
                  "fontSize": 17,
                  "height": 50,
                  "paddingLeft": 5,
                  "paddingRight": 5,
                  "top": 1.5,
                }
              }
              underlineColorAndroid="rgba(0,0,0,0)"
            />
          </View>
        </View>
        <Text />
      </View>
    </ViewManagerAdapter_ExpoLinearGradient>
  </View>
</View>
`;
